Jun 18, 2026 7:29:19 PM com.bank.service.AuditService recordAction
INFO: Admin User (ADMIN) - Logged in successfully
Jun 18, 2026 7:29:19 PM com.bank.service.AuditService recordAction
INFO: Admin User (ADMIN) - Created customer C001
Jun 18, 2026 7:29:19 PM com.bank.service.AuditService recordAction
INFO: Admin User (ADMIN) - Opened SAVINGS account ACC1
Jun 18, 2026 7:29:19 PM com.bank.service.AuditService recordAction
INFO: Admin User (ADMIN) - Deposited 500.0 into account ACC1
Jun 18, 2026 7:29:19 PM com.bank.service.AuditService recordAction
INFO: Admin User (ADMIN) - Logged in successfully
Jun 18, 2026 7:29:19 PM com.bank.service.AuditService recordAction
INFO: Admin User (ADMIN) - Created customer C001
Jun 18, 2026 7:29:19 PM com.bank.service.AuditService recordAction
INFO: Admin User (ADMIN) - Opened SAVINGS account ACC1
Jun 18, 2026 7:29:19 PM com.bank.service.AuditService recordAction
INFO: Admin User (ADMIN) - Queued withdrawal of 300.0 from ACC1
Jun 18, 2026 7:29:19 PM com.bank.service.AuditService recordWarning
WARNING: Rejected login attempt for username: admin
Jun 18, 2026 7:29:19 PM com.bank.service.AuditService recordAction
INFO: SYSTEM - Created customer C001
Jun 18, 2026 7:29:19 PM com.bank.service.AuditService recordAction
INFO: Admin User (ADMIN) - Logged in successfully
Jun 18, 2026 7:29:19 PM com.bank.service.AuditService recordAction
INFO: Admin User (ADMIN) - Created customer C001
Jun 18, 2026 7:29:19 PM com.bank.service.AuditService recordAction
INFO: Admin User (ADMIN) - Opened SAVINGS account ACC1
Jun 18, 2026 7:29:19 PM com.bank.service.AuditService recordAction
INFO: Admin User (ADMIN) - Withdrew 300.0 from account ACC1
Jun 18, 2026 7:29:19 PM com.bank.service.AuditService recordAction
INFO: SYSTEM - Created customer C001
Jun 18, 2026 7:29:19 PM com.bank.service.AuditService recordAction
INFO: SYSTEM - Opened SAVINGS account ACC1
Jun 18, 2026 7:29:19 PM com.bank.service.AuditService recordAction
INFO: Admin User (ADMIN) - Logged in successfully
Jun 18, 2026 7:29:19 PM com.bank.service.AuditService recordAction
INFO: Admin User (ADMIN) - Created customer C001
Jun 18, 2026 7:29:19 PM com.bank.service.AuditService recordAction
INFO: Admin User (ADMIN) - Opened SAVINGS account ACC1
Jun 18, 2026 7:29:19 PM com.bank.service.AuditService recordError
SEVERE: Withdrawal failed for account ACC1
com.bank.exception.InsufficientFundsException: Requested 1200.00 but only 1000.00 available
	at com.bank.model.SavingsAccount.withdraw(SavingsAccount.java:41)
	at com.bank.service.BankService.withdraw(BankService.java:119)
	at com.bank.controller.BankController.withdraw(BankController.java:179)
	at com.bank.BankControllerTest.lambda$withdraw_moreThanBalance_shouldThrowException$0(BankControllerTest.java:179)
	at org.junit.jupiter.api.AssertThrows.assertThrows(AssertThrows.java:53)
	at org.junit.jupiter.api.AssertThrows.assertThrows(AssertThrows.java:35)
	at org.junit.jupiter.api.Assertions.assertThrows(Assertions.java:3128)
	at com.bank.BankControllerTest.withdraw_moreThanBalance_shouldThrowException(BankControllerTest.java:177)
	at java.base/jdk.internal.reflect.DirectMethodHandleAccessor.invoke(DirectMethodHandleAccessor.java:104)
	at java.base/java.lang.reflect.Method.invoke(Method.java:565)
	at org.junit.platform.commons.util.ReflectionUtils.invokeMethod(ReflectionUtils.java:775)
	at org.junit.platform.commons.support.ReflectionSupport.invokeMethod(ReflectionSupport.java:479)
	at org.junit.jupiter.engine.execution.MethodInvocation.proceed(MethodInvocation.java:60)
	at org.junit.jupiter.engine.execution.InvocationInterceptorChain$ValidatingInvocation.proceed(InvocationInterceptorChain.java:131)
	at org.junit.jupiter.engine.extension.TimeoutExtension.intercept(TimeoutExtension.java:161)
	at org.junit.jupiter.engine.extension.TimeoutExtension.interceptTestableMethod(TimeoutExtension.java:152)
	at org.junit.jupiter.engine.extension.TimeoutExtension.interceptTestMethod(TimeoutExtension.java:91)
	at org.junit.jupiter.engine.execution.InterceptingExecutableInvoker$ReflectiveInterceptorCall.lambda$ofVoidMethod$0(InterceptingExecutableInvoker.java:112)
	at org.junit.jupiter.engine.execution.InterceptingExecutableInvoker.lambda$invoke$0(InterceptingExecutableInvoker.java:94)
	at org.junit.jupiter.engine.execution.InvocationInterceptorChain$InterceptedInvocation.proceed(InvocationInterceptorChain.java:106)
	at org.junit.jupiter.engine.execution.InvocationInterceptorChain.proceed(InvocationInterceptorChain.java:64)
	at org.junit.jupiter.engine.execution.InvocationInterceptorChain.chainAndInvoke(InvocationInterceptorChain.java:45)
	at org.junit.jupiter.engine.execution.InvocationInterceptorChain.invoke(InvocationInterceptorChain.java:37)
	at org.junit.jupiter.engine.execution.InterceptingExecutableInvoker.invoke(InterceptingExecutableInvoker.java:93)
	at org.junit.jupiter.engine.execution.InterceptingExecutableInvoker.invoke(InterceptingExecutableInvoker.java:87)
	at org.junit.jupiter.engine.descriptor.TestMethodTestDescriptor.lambda$invokeTestMethod$7(TestMethodTestDescriptor.java:216)
	at org.junit.platform.engine.support.hierarchical.ThrowableCollector.execute(ThrowableCollector.java:73)
	at org.junit.jupiter.engine.descriptor.TestMethodTestDescriptor.invokeTestMethod(TestMethodTestDescriptor.java:212)
	at org.junit.jupiter.engine.descriptor.TestMethodTestDescriptor.execute(TestMethodTestDescriptor.java:137)
	at org.junit.jupiter.engine.descriptor.TestMethodTestDescriptor.execute(TestMethodTestDescriptor.java:69)
	at org.junit.platform.engine.support.hierarchical.NodeTestTask.lambda$executeRecursively$6(NodeTestTask.java:156)
	at org.junit.platform.engine.support.hierarchical.ThrowableCollector.execute(ThrowableCollector.java:73)
	at org.junit.platform.engine.support.hierarchical.NodeTestTask.lambda$executeRecursively$8(NodeTestTask.java:146)
	at org.junit.platform.engine.support.hierarchical.Node.around(Node.java:137)
	at org.junit.platform.engine.support.hierarchical.NodeTestTask.lambda$executeRecursively$9(NodeTestTask.java:144)
	at org.junit.platform.engine.support.hierarchical.ThrowableCollector.execute(ThrowableCollector.java:73)
	at org.junit.platform.engine.support.hierarchical.NodeTestTask.executeRecursively(NodeTestTask.java:143)
	at org.junit.platform.engine.support.hierarchical.NodeTestTask.execute(NodeTestTask.java:100)
	at java.base/java.util.ArrayList.forEach(ArrayList.java:1604)
	at org.junit.platform.engine.support.hierarchical.SameThreadHierarchicalTestExecutorService.invokeAll(SameThreadHierarchicalTestExecutorService.java:41)
	at org.junit.platform.engine.support.hierarchical.NodeTestTask.lambda$executeRecursively$6(NodeTestTask.java:160)
	at org.junit.platform.engine.support.hierarchical.ThrowableCollector.execute(ThrowableCollector.java:73)
	at org.junit.platform.engine.support.hierarchical.NodeTestTask.lambda$executeRecursively$8(NodeTestTask.java:146)
	at org.junit.platform.engine.support.hierarchical.Node.around(Node.java:137)
	at org.junit.platform.engine.support.hierarchical.NodeTestTask.lambda$executeRecursively$9(NodeTestTask.java:144)
	at org.junit.platform.engine.support.hierarchical.ThrowableCollector.execute(ThrowableCollector.java:73)
	at org.junit.platform.engine.support.hierarchical.NodeTestTask.executeRecursively(NodeTestTask.java:143)
	at org.junit.platform.engine.support.hierarchical.NodeTestTask.execute(NodeTestTask.java:100)
	at java.base/java.util.ArrayList.forEach(ArrayList.java:1604)
	at org.junit.platform.engine.support.hierarchical.SameThreadHierarchicalTestExecutorService.invokeAll(SameThreadHierarchicalTestExecutorService.java:41)
	at org.junit.platform.engine.support.hierarchical.NodeTestTask.lambda$executeRecursively$6(NodeTestTask.java:160)
	at org.junit.platform.engine.support.hierarchical.ThrowableCollector.execute(ThrowableCollector.java:73)
	at org.junit.platform.engine.support.hierarchical.NodeTestTask.lambda$executeRecursively$8(NodeTestTask.java:146)
	at org.junit.platform.engine.support.hierarchical.Node.around(Node.java:137)
	at org.junit.platform.engine.support.hierarchical.NodeTestTask.lambda$executeRecursively$9(NodeTestTask.java:144)
	at org.junit.platform.engine.support.hierarchical.ThrowableCollector.execute(ThrowableCollector.java:73)
	at org.junit.platform.engine.support.hierarchical.NodeTestTask.executeRecursively(NodeTestTask.java:143)
	at org.junit.platform.engine.support.hierarchical.NodeTestTask.execute(NodeTestTask.java:100)
	at org.junit.platform.engine.support.hierarchical.SameThreadHierarchicalTestExecutorService.submit(SameThreadHierarchicalTestExecutorService.java:35)
	at org.junit.platform.engine.support.hierarchical.HierarchicalTestExecutor.execute(HierarchicalTestExecutor.java:57)
	at org.junit.platform.engine.support.hierarchical.HierarchicalTestEngine.execute(HierarchicalTestEngine.java:54)
	at org.junit.platform.launcher.core.EngineExecutionOrchestrator.execute(EngineExecutionOrchestrator.java:201)
	at org.junit.platform.launcher.core.EngineExecutionOrchestrator.execute(EngineExecutionOrchestrator.java:170)
	at org.junit.platform.launcher.core.EngineExecutionOrchestrator.execute(EngineExecutionOrchestrator.java:94)
	at org.junit.platform.launcher.core.EngineExecutionOrchestrator.lambda$execute$0(EngineExecutionOrchestrator.java:59)
	at org.junit.platform.launcher.core.EngineExecutionOrchestrator.withInterceptedStreams(EngineExecutionOrchestrator.java:142)
	at org.junit.platform.launcher.core.EngineExecutionOrchestrator.execute(EngineExecutionOrchestrator.java:58)
	at org.junit.platform.launcher.core.DefaultLauncher.execute(DefaultLauncher.java:103)
	at org.junit.platform.launcher.core.DefaultLauncher.execute(DefaultLauncher.java:85)
	at org.junit.platform.launcher.core.DelegatingLauncher.execute(DelegatingLauncher.java:47)
	at org.junit.platform.launcher.core.InterceptingLauncher.lambda$execute$1(InterceptingLauncher.java:39)
	at org.junit.platform.launcher.core.ClasspathAlignmentCheckingLauncherInterceptor.intercept(ClasspathAlignmentCheckingLauncherInterceptor.java:25)
	at org.junit.platform.launcher.core.InterceptingLauncher.execute(InterceptingLauncher.java:38)
	at org.junit.platform.launcher.core.DelegatingLauncher.execute(DelegatingLauncher.java:47)
	at org.apache.maven.surefire.junitplatform.LazyLauncher.execute(LazyLauncher.java:56)
	at org.apache.maven.surefire.junitplatform.JUnitPlatformProvider.execute(JUnitPlatformProvider.java:194)
	at org.apache.maven.surefire.junitplatform.JUnitPlatformProvider.invokeAllTests(JUnitPlatformProvider.java:150)
	at org.apache.maven.surefire.junitplatform.JUnitPlatformProvider.invoke(JUnitPlatformProvider.java:124)
	at org.apache.maven.surefire.booter.ForkedBooter.runSuitesInProcess(ForkedBooter.java:385)
	at org.apache.maven.surefire.booter.ForkedBooter.execute(ForkedBooter.java:162)
	at org.apache.maven.surefire.booter.ForkedBooter.run(ForkedBooter.java:507)
	at org.apache.maven.surefire.booter.ForkedBooter.main(ForkedBooter.java:495)

Jun 18, 2026 7:29:19 PM com.bank.service.AuditService recordAction
INFO: Admin User (ADMIN) - Logged in successfully
Jun 18, 2026 7:29:19 PM com.bank.service.AuditService recordAction
INFO: Admin User (ADMIN) - Created customer C001
Jun 18, 2026 7:29:19 PM com.bank.service.AuditService recordAction
INFO: Admin User (ADMIN) - Opened CHECKING account ACC1
Jun 18, 2026 7:29:19 PM com.bank.service.AuditService recordAction
INFO: Admin User (ADMIN) - Opened SAVINGS account ACC2
Jun 18, 2026 7:29:19 PM com.bank.service.AuditService recordAction
INFO: Admin User (ADMIN) - Queued transfer of 300.0 from ACC1 to ACC2
Jun 18, 2026 7:29:19 PM com.bank.service.AuditService recordAction
INFO: Admin User (ADMIN) - Logged in successfully
Jun 18, 2026 7:29:19 PM com.bank.service.AuditService recordAction
INFO: Admin User (ADMIN) - Logged in successfully
Jun 18, 2026 7:29:19 PM com.bank.service.AuditService recordAction
INFO: Admin User (ADMIN) - Created customer C001
Jun 18, 2026 7:29:19 PM com.bank.service.AuditService recordAction
INFO: Admin User (ADMIN) - Opened CHECKING account ACC1
Jun 18, 2026 7:29:19 PM com.bank.service.AuditService recordAction
INFO: Admin User (ADMIN) - Opened SAVINGS account ACC2
Jun 18, 2026 7:29:19 PM com.bank.service.AuditService recordAction
INFO: Admin User (ADMIN) - Transferred 300.0 from ACC1 to ACC2
Jun 18, 2026 7:29:19 PM com.bank.service.AuditService recordAction
INFO: Admin User (ADMIN) - Logged in successfully
Jun 18, 2026 7:29:19 PM com.bank.service.AuditService recordAction
INFO: Admin User (ADMIN) - Created customer C001
Jun 18, 2026 7:29:19 PM com.bank.service.AuditService recordAction
INFO: Admin User (ADMIN) - Opened SAVINGS account ACC1
Jun 18, 2026 7:29:19 PM com.bank.service.AuditService recordAction
INFO: Admin User (ADMIN) - Queued deposit of 500.0 into ACC1
Jun 18, 2026 7:30:00 PM com.bank.service.AuditService recordAction
INFO: Admin User (ADMIN) - Logged in successfully
Jun 18, 2026 7:30:00 PM com.bank.service.AuditService recordAction
INFO: Admin User (ADMIN) - Created customer C001
Jun 18, 2026 7:30:00 PM com.bank.service.AuditService recordAction
INFO: Admin User (ADMIN) - Opened SAVINGS account ACC1
Jun 18, 2026 7:30:00 PM com.bank.service.AuditService recordAction
INFO: Admin User (ADMIN) - Deposited 500.0 into account ACC1
Jun 18, 2026 7:30:00 PM com.bank.service.AuditService recordAction
INFO: Admin User (ADMIN) - Logged in successfully
Jun 18, 2026 7:30:00 PM com.bank.service.AuditService recordAction
INFO: Admin User (ADMIN) - Created customer C001
Jun 18, 2026 7:30:00 PM com.bank.service.AuditService recordAction
INFO: Admin User (ADMIN) - Opened SAVINGS account ACC1
Jun 18, 2026 7:30:00 PM com.bank.service.AuditService recordAction
INFO: Admin User (ADMIN) - Queued withdrawal of 300.0 from ACC1
Jun 18, 2026 7:30:00 PM com.bank.service.AuditService recordWarning
WARNING: Rejected login attempt for username: admin
Jun 18, 2026 7:30:00 PM com.bank.service.AuditService recordAction
INFO: SYSTEM - Created customer C001
Jun 18, 2026 7:30:00 PM com.bank.service.AuditService recordAction
INFO: Admin User (ADMIN) - Logged in successfully
Jun 18, 2026 7:30:00 PM com.bank.service.AuditService recordAction
INFO: Admin User (ADMIN) - Created customer C001
Jun 18, 2026 7:30:00 PM com.bank.service.AuditService recordAction
INFO: Admin User (ADMIN) - Opened SAVINGS account ACC1
Jun 18, 2026 7:30:00 PM com.bank.service.AuditService recordAction
INFO: Admin User (ADMIN) - Withdrew 300.0 from account ACC1
Jun 18, 2026 7:30:00 PM com.bank.service.AuditService recordAction
INFO: SYSTEM - Created customer C001
Jun 18, 2026 7:30:00 PM com.bank.service.AuditService recordAction
INFO: SYSTEM - Opened SAVINGS account ACC1
Jun 18, 2026 7:30:00 PM com.bank.service.AuditService recordAction
INFO: Admin User (ADMIN) - Logged in successfully
Jun 18, 2026 7:30:00 PM com.bank.service.AuditService recordAction
INFO: Admin User (ADMIN) - Created customer C001
Jun 18, 2026 7:30:00 PM com.bank.service.AuditService recordAction
INFO: Admin User (ADMIN) - Opened SAVINGS account ACC1
Jun 18, 2026 7:30:00 PM com.bank.service.AuditService recordError
SEVERE: Withdrawal failed for account ACC1
com.bank.exception.InsufficientFundsException: Requested 1200.00 but only 1000.00 available
	at com.bank.model.SavingsAccount.withdraw(SavingsAccount.java:41)
	at com.bank.service.BankService.withdraw(BankService.java:119)
	at com.bank.controller.BankController.withdraw(BankController.java:179)
	at com.bank.BankControllerTest.lambda$withdraw_moreThanBalance_shouldThrowException$0(BankControllerTest.java:179)
	at org.junit.jupiter.api.AssertThrows.assertThrows(AssertThrows.java:53)
	at org.junit.jupiter.api.AssertThrows.assertThrows(AssertThrows.java:35)
	at org.junit.jupiter.api.Assertions.assertThrows(Assertions.java:3128)
	at com.bank.BankControllerTest.withdraw_moreThanBalance_shouldThrowException(BankControllerTest.java:177)
	at java.base/jdk.internal.reflect.DirectMethodHandleAccessor.invoke(DirectMethodHandleAccessor.java:104)
	at java.base/java.lang.reflect.Method.invoke(Method.java:565)
	at org.junit.platform.commons.util.ReflectionUtils.invokeMethod(ReflectionUtils.java:775)
	at org.junit.platform.commons.support.ReflectionSupport.invokeMethod(ReflectionSupport.java:479)
	at org.junit.jupiter.engine.execution.MethodInvocation.proceed(MethodInvocation.java:60)
	at org.junit.jupiter.engine.execution.InvocationInterceptorChain$ValidatingInvocation.proceed(InvocationInterceptorChain.java:131)
	at org.junit.jupiter.engine.extension.TimeoutExtension.intercept(TimeoutExtension.java:161)
	at org.junit.jupiter.engine.extension.TimeoutExtension.interceptTestableMethod(TimeoutExtension.java:152)
	at org.junit.jupiter.engine.extension.TimeoutExtension.interceptTestMethod(TimeoutExtension.java:91)
	at org.junit.jupiter.engine.execution.InterceptingExecutableInvoker$ReflectiveInterceptorCall.lambda$ofVoidMethod$0(InterceptingExecutableInvoker.java:112)
	at org.junit.jupiter.engine.execution.InterceptingExecutableInvoker.lambda$invoke$0(InterceptingExecutableInvoker.java:94)
	at org.junit.jupiter.engine.execution.InvocationInterceptorChain$InterceptedInvocation.proceed(InvocationInterceptorChain.java:106)
	at org.junit.jupiter.engine.execution.InvocationInterceptorChain.proceed(InvocationInterceptorChain.java:64)
	at org.junit.jupiter.engine.execution.InvocationInterceptorChain.chainAndInvoke(InvocationInterceptorChain.java:45)
	at org.junit.jupiter.engine.execution.InvocationInterceptorChain.invoke(InvocationInterceptorChain.java:37)
	at org.junit.jupiter.engine.execution.InterceptingExecutableInvoker.invoke(InterceptingExecutableInvoker.java:93)
	at org.junit.jupiter.engine.execution.InterceptingExecutableInvoker.invoke(InterceptingExecutableInvoker.java:87)
	at org.junit.jupiter.engine.descriptor.TestMethodTestDescriptor.lambda$invokeTestMethod$7(TestMethodTestDescriptor.java:216)
	at org.junit.platform.engine.support.hierarchical.ThrowableCollector.execute(ThrowableCollector.java:73)
	at org.junit.jupiter.engine.descriptor.TestMethodTestDescriptor.invokeTestMethod(TestMethodTestDescriptor.java:212)
	at org.junit.jupiter.engine.descriptor.TestMethodTestDescriptor.execute(TestMethodTestDescriptor.java:137)
	at org.junit.jupiter.engine.descriptor.TestMethodTestDescriptor.execute(TestMethodTestDescriptor.java:69)
	at org.junit.platform.engine.support.hierarchical.NodeTestTask.lambda$executeRecursively$6(NodeTestTask.java:156)
	at org.junit.platform.engine.support.hierarchical.ThrowableCollector.execute(ThrowableCollector.java:73)
	at org.junit.platform.engine.support.hierarchical.NodeTestTask.lambda$executeRecursively$8(NodeTestTask.java:146)
	at org.junit.platform.engine.support.hierarchical.Node.around(Node.java:137)
	at org.junit.platform.engine.support.hierarchical.NodeTestTask.lambda$executeRecursively$9(NodeTestTask.java:144)
	at org.junit.platform.engine.support.hierarchical.ThrowableCollector.execute(ThrowableCollector.java:73)
	at org.junit.platform.engine.support.hierarchical.NodeTestTask.executeRecursively(NodeTestTask.java:143)
	at org.junit.platform.engine.support.hierarchical.NodeTestTask.execute(NodeTestTask.java:100)
	at java.base/java.util.ArrayList.forEach(ArrayList.java:1604)
	at org.junit.platform.engine.support.hierarchical.SameThreadHierarchicalTestExecutorService.invokeAll(SameThreadHierarchicalTestExecutorService.java:41)
	at org.junit.platform.engine.support.hierarchical.NodeTestTask.lambda$executeRecursively$6(NodeTestTask.java:160)
	at org.junit.platform.engine.support.hierarchical.ThrowableCollector.execute(ThrowableCollector.java:73)
	at org.junit.platform.engine.support.hierarchical.NodeTestTask.lambda$executeRecursively$8(NodeTestTask.java:146)
	at org.junit.platform.engine.support.hierarchical.Node.around(Node.java:137)
	at org.junit.platform.engine.support.hierarchical.NodeTestTask.lambda$executeRecursively$9(NodeTestTask.java:144)
	at org.junit.platform.engine.support.hierarchical.ThrowableCollector.execute(ThrowableCollector.java:73)
	at org.junit.platform.engine.support.hierarchical.NodeTestTask.executeRecursively(NodeTestTask.java:143)
	at org.junit.platform.engine.support.hierarchical.NodeTestTask.execute(NodeTestTask.java:100)
	at java.base/java.util.ArrayList.forEach(ArrayList.java:1604)
	at org.junit.platform.engine.support.hierarchical.SameThreadHierarchicalTestExecutorService.invokeAll(SameThreadHierarchicalTestExecutorService.java:41)
	at org.junit.platform.engine.support.hierarchical.NodeTestTask.lambda$executeRecursively$6(NodeTestTask.java:160)
	at org.junit.platform.engine.support.hierarchical.ThrowableCollector.execute(ThrowableCollector.java:73)
	at org.junit.platform.engine.support.hierarchical.NodeTestTask.lambda$executeRecursively$8(NodeTestTask.java:146)
	at org.junit.platform.engine.support.hierarchical.Node.around(Node.java:137)
	at org.junit.platform.engine.support.hierarchical.NodeTestTask.lambda$executeRecursively$9(NodeTestTask.java:144)
	at org.junit.platform.engine.support.hierarchical.ThrowableCollector.execute(ThrowableCollector.java:73)
	at org.junit.platform.engine.support.hierarchical.NodeTestTask.executeRecursively(NodeTestTask.java:143)
	at org.junit.platform.engine.support.hierarchical.NodeTestTask.execute(NodeTestTask.java:100)
	at org.junit.platform.engine.support.hierarchical.SameThreadHierarchicalTestExecutorService.submit(SameThreadHierarchicalTestExecutorService.java:35)
	at org.junit.platform.engine.support.hierarchical.HierarchicalTestExecutor.execute(HierarchicalTestExecutor.java:57)
	at org.junit.platform.engine.support.hierarchical.HierarchicalTestEngine.execute(HierarchicalTestEngine.java:54)
	at org.junit.platform.launcher.core.EngineExecutionOrchestrator.execute(EngineExecutionOrchestrator.java:201)
	at org.junit.platform.launcher.core.EngineExecutionOrchestrator.execute(EngineExecutionOrchestrator.java:170)
	at org.junit.platform.launcher.core.EngineExecutionOrchestrator.execute(EngineExecutionOrchestrator.java:94)
	at org.junit.platform.launcher.core.EngineExecutionOrchestrator.lambda$execute$0(EngineExecutionOrchestrator.java:59)
	at org.junit.platform.launcher.core.EngineExecutionOrchestrator.withInterceptedStreams(EngineExecutionOrchestrator.java:142)
	at org.junit.platform.launcher.core.EngineExecutionOrchestrator.execute(EngineExecutionOrchestrator.java:58)
	at org.junit.platform.launcher.core.DefaultLauncher.execute(DefaultLauncher.java:103)
	at org.junit.platform.launcher.core.DefaultLauncher.execute(DefaultLauncher.java:85)
	at org.junit.platform.launcher.core.DelegatingLauncher.execute(DelegatingLauncher.java:47)
	at org.junit.platform.launcher.core.InterceptingLauncher.lambda$execute$1(InterceptingLauncher.java:39)
	at org.junit.platform.launcher.core.ClasspathAlignmentCheckingLauncherInterceptor.intercept(ClasspathAlignmentCheckingLauncherInterceptor.java:25)
	at org.junit.platform.launcher.core.InterceptingLauncher.execute(InterceptingLauncher.java:38)
	at org.junit.platform.launcher.core.DelegatingLauncher.execute(DelegatingLauncher.java:47)
	at org.apache.maven.surefire.junitplatform.LazyLauncher.execute(LazyLauncher.java:56)
	at org.apache.maven.surefire.junitplatform.JUnitPlatformProvider.execute(JUnitPlatformProvider.java:194)
	at org.apache.maven.surefire.junitplatform.JUnitPlatformProvider.invokeAllTests(JUnitPlatformProvider.java:150)
	at org.apache.maven.surefire.junitplatform.JUnitPlatformProvider.invoke(JUnitPlatformProvider.java:124)
	at org.apache.maven.surefire.booter.ForkedBooter.runSuitesInProcess(ForkedBooter.java:385)
	at org.apache.maven.surefire.booter.ForkedBooter.execute(ForkedBooter.java:162)
	at org.apache.maven.surefire.booter.ForkedBooter.run(ForkedBooter.java:507)
	at org.apache.maven.surefire.booter.ForkedBooter.main(ForkedBooter.java:495)

Jun 18, 2026 7:30:00 PM com.bank.service.AuditService recordAction
INFO: Admin User (ADMIN) - Logged in successfully
Jun 18, 2026 7:30:00 PM com.bank.service.AuditService recordAction
INFO: Admin User (ADMIN) - Created customer C001
Jun 18, 2026 7:30:00 PM com.bank.service.AuditService recordAction
INFO: Admin User (ADMIN) - Opened CHECKING account ACC1
Jun 18, 2026 7:30:00 PM com.bank.service.AuditService recordAction
INFO: Admin User (ADMIN) - Opened SAVINGS account ACC2
Jun 18, 2026 7:30:00 PM com.bank.service.AuditService recordAction
INFO: Admin User (ADMIN) - Queued transfer of 300.0 from ACC1 to ACC2
Jun 18, 2026 7:30:00 PM com.bank.service.AuditService recordAction
INFO: Admin User (ADMIN) - Logged in successfully
Jun 18, 2026 7:30:00 PM com.bank.service.AuditService recordAction
INFO: Admin User (ADMIN) - Logged in successfully
Jun 18, 2026 7:30:00 PM com.bank.service.AuditService recordAction
INFO: Admin User (ADMIN) - Created customer C001
Jun 18, 2026 7:30:00 PM com.bank.service.AuditService recordAction
INFO: Admin User (ADMIN) - Opened CHECKING account ACC1
Jun 18, 2026 7:30:00 PM com.bank.service.AuditService recordAction
INFO: Admin User (ADMIN) - Opened SAVINGS account ACC2
Jun 18, 2026 7:30:00 PM com.bank.service.AuditService recordAction
INFO: Admin User (ADMIN) - Transferred 300.0 from ACC1 to ACC2
Jun 18, 2026 7:30:00 PM com.bank.service.AuditService recordAction
INFO: Admin User (ADMIN) - Logged in successfully
Jun 18, 2026 7:30:00 PM com.bank.service.AuditService recordAction
INFO: Admin User (ADMIN) - Created customer C001
Jun 18, 2026 7:30:00 PM com.bank.service.AuditService recordAction
INFO: Admin User (ADMIN) - Opened SAVINGS account ACC1
Jun 18, 2026 7:30:00 PM com.bank.service.AuditService recordAction
INFO: Admin User (ADMIN) - Queued deposit of 500.0 into ACC1
Jun 18, 2026 7:30:44 PM com.bank.service.AuditService recordAction
INFO: Admin User (ADMIN) - Logged in successfully
Jun 18, 2026 7:30:44 PM com.bank.service.AuditService recordAction
INFO: Admin User (ADMIN) - Created customer C001
Jun 18, 2026 7:30:44 PM com.bank.service.AuditService recordAction
INFO: Admin User (ADMIN) - Opened SAVINGS account ACC1
Jun 18, 2026 7:30:44 PM com.bank.service.AuditService recordAction
INFO: Admin User (ADMIN) - Deposited 500.0 into account ACC1
Jun 18, 2026 7:30:44 PM com.bank.service.AuditService recordAction
INFO: Admin User (ADMIN) - Logged in successfully
Jun 18, 2026 7:30:44 PM com.bank.service.AuditService recordAction
INFO: Admin User (ADMIN) - Created customer C001
Jun 18, 2026 7:30:44 PM com.bank.service.AuditService recordAction
INFO: Admin User (ADMIN) - Opened SAVINGS account ACC1
Jun 18, 2026 7:30:44 PM com.bank.service.AuditService recordAction
INFO: Admin User (ADMIN) - Queued withdrawal of 300.0 from ACC1
Jun 18, 2026 7:30:45 PM com.bank.service.AuditService recordWarning
WARNING: Rejected login attempt for username: admin
Jun 18, 2026 7:30:45 PM com.bank.service.AuditService recordAction
INFO: SYSTEM - Created customer C001
Jun 18, 2026 7:30:45 PM com.bank.service.AuditService recordAction
INFO: Admin User (ADMIN) - Logged in successfully
Jun 18, 2026 7:30:45 PM com.bank.service.AuditService recordAction
INFO: Admin User (ADMIN) - Created customer C001
Jun 18, 2026 7:30:45 PM com.bank.service.AuditService recordAction
INFO: Admin User (ADMIN) - Opened SAVINGS account ACC1
Jun 18, 2026 7:30:45 PM com.bank.service.AuditService recordAction
INFO: Admin User (ADMIN) - Withdrew 300.0 from account ACC1
Jun 18, 2026 7:30:45 PM com.bank.service.AuditService recordAction
INFO: SYSTEM - Created customer C001
Jun 18, 2026 7:30:45 PM com.bank.service.AuditService recordAction
INFO: SYSTEM - Opened SAVINGS account ACC1
Jun 18, 2026 7:30:45 PM com.bank.service.AuditService recordAction
INFO: Admin User (ADMIN) - Logged in successfully
Jun 18, 2026 7:30:45 PM com.bank.service.AuditService recordAction
INFO: Admin User (ADMIN) - Created customer C001
Jun 18, 2026 7:30:45 PM com.bank.service.AuditService recordAction
INFO: Admin User (ADMIN) - Opened SAVINGS account ACC1
Jun 18, 2026 7:30:45 PM com.bank.service.AuditService recordWarning
WARNING: Withdrawal rejected for account ACC1: Requested 1200.00 but only 1000.00 available
Jun 18, 2026 7:30:45 PM com.bank.service.AuditService recordAction
INFO: Admin User (ADMIN) - Logged in successfully
Jun 18, 2026 7:30:45 PM com.bank.service.AuditService recordAction
INFO: Admin User (ADMIN) - Created customer C001
Jun 18, 2026 7:30:45 PM com.bank.service.AuditService recordAction
INFO: Admin User (ADMIN) - Opened CHECKING account ACC1
Jun 18, 2026 7:30:45 PM com.bank.service.AuditService recordAction
INFO: Admin User (ADMIN) - Opened SAVINGS account ACC2
Jun 18, 2026 7:30:45 PM com.bank.service.AuditService recordAction
INFO: Admin User (ADMIN) - Queued transfer of 300.0 from ACC1 to ACC2
Jun 18, 2026 7:30:45 PM com.bank.service.AuditService recordAction
INFO: Admin User (ADMIN) - Logged in successfully
Jun 18, 2026 7:30:45 PM com.bank.service.AuditService recordAction
INFO: Admin User (ADMIN) - Logged in successfully
Jun 18, 2026 7:30:45 PM com.bank.service.AuditService recordAction
INFO: Admin User (ADMIN) - Created customer C001
Jun 18, 2026 7:30:45 PM com.bank.service.AuditService recordAction
INFO: Admin User (ADMIN) - Opened CHECKING account ACC1
Jun 18, 2026 7:30:45 PM com.bank.service.AuditService recordAction
INFO: Admin User (ADMIN) - Opened SAVINGS account ACC2
Jun 18, 2026 7:30:45 PM com.bank.service.AuditService recordAction
INFO: Admin User (ADMIN) - Transferred 300.0 from ACC1 to ACC2
Jun 18, 2026 7:30:45 PM com.bank.service.AuditService recordAction
INFO: Admin User (ADMIN) - Logged in successfully
Jun 18, 2026 7:30:45 PM com.bank.service.AuditService recordAction
INFO: Admin User (ADMIN) - Created customer C001
Jun 18, 2026 7:30:45 PM com.bank.service.AuditService recordAction
INFO: Admin User (ADMIN) - Opened SAVINGS account ACC1
Jun 18, 2026 7:30:45 PM com.bank.service.AuditService recordAction
INFO: Admin User (ADMIN) - Queued deposit of 500.0 into ACC1
